// Jest Snapshot v1, https://goo.gl/fbAQLP

exports[`createTree should create the correct tree 1`] = `
[
  {
    "content": "export const childIcon = {
    data: \`<svg>child</svg>\`,
    name: 'child' as const
};",
    "identifierName": "childIcon",
    "name": "child",
    "path": "src/app/svg/group/child.ts",
  },
  {
    "content": "export const child2Icon = {
    data: \`<svg>child 2</svg>\`,
    name: 'child-2' as const
};",
    "identifierName": "child2Icon",
    "name": "child2",
    "path": "src/app/svg/group/child2.ts",
  },
  {
    "content": "export const childCopyIcon = {
    data: \`<svg>child_copy</svg>\`,
    name: 'child-copy' as const
};",
    "identifierName": "childCopyIcon",
    "name": "child_copy",
    "path": "src/app/svg/group/child_copy.ts",
  },
  {
    "content": "import { childIcon } from './child';
import { child2Icon } from './child2';
import { childCopyIcon } from './child_copy';
export const groupIcons = [childIcon, child2Icon, childCopyIcon];
",
    "identifierName": "index",
    "name": "__INDEX__",
    "path": "src/app/svg/group/index.ts",
  },
  {
    "content": "export const childOneIcon = {
    data: \`<svg>child</svg>\`,
    name: 'child-one' as const
};",
    "identifierName": "childOneIcon",
    "name": "child-one",
    "path": "src/app/svg/group-two/child-one.ts",
  },
  {
    "content": "export const childTwoIcon = {
    data: \`<svg>child 2</svg>\`,
    name: 'child-two' as const
};",
    "identifierName": "childTwoIcon",
    "name": "child-two",
    "path": "src/app/svg/group-two/child-two.ts",
  },
  {
    "content": "import { childOneIcon } from './child-one';
import { childTwoIcon } from './child-two';
export const groupTwoIcons = [childOneIcon, childTwoIcon];
",
    "identifierName": "index",
    "name": "__INDEX__",
    "path": "src/app/svg/group-two/index.ts",
  },
  {
    "content": "export const oneIcon = {
    data: \`<svg>one</svg>\`,
    name: 'one' as const
};",
    "identifierName": "oneIcon",
    "name": "one",
    "path": "src/app/svg/one.ts",
  },
  {
    "content": "export const twoIcon = {
    data: \`<svg>two</svg>\`,
    name: 'two' as const
};",
    "identifierName": "twoIcon",
    "name": "two",
    "path": "src/app/svg/two.ts",
  },
]
`;

exports[`createTree should create the type file 1`] = `
"export declare type SvgIcons = 'foo' | 'bar' | 'foo-bar' | 'foo-baz';
"
`;
